// Jest Snapshot v1, https://goo.gl/fbAQLP

exports[`IcePhotoEditor component renders Basic story 1`] = `
.emotion-0 {
  width: 100%;
  height: 100%;
  display: grid;
  grid-template-columns: 15% auto 20%;
  background: #484848;
  border: 2px solid black;
  border-radius: 10px;
}

.emotion-2 {
  display: -webkit-box;
  display: -webkit-flex;
  display: -ms-flexbox;
  display: flex;
  -webkit-flex-direction: column;
  -ms-flex-direction: column;
  flex-direction: column;
  border-right: 2px solid black;
  background: #888;
  padding: var(--dt-padding-lg);
  gap: var(--dt-gap-lg);
}

.emotion-4 {
  display: -webkit-box;
  display: -webkit-flex;
  display: -ms-flexbox;
  display: flex;
  -webkit-flex-direction: column;
  -ms-flex-direction: column;
  flex-direction: column;
  gap: var(--dt-gap-md);
}

.emotion-6 {
  font-family: monospace;
  font-weight: regular;
  color: var(--dt-theme-primary);
  margin: 0;
  border-bottom: 4px solid;
  border-image: var(--dt-theme-gradientBlue) 1;
  padding-bottom: var(--dt-padding-md);
}

.emotion-8 {
  display: none;
}

.emotion-10 {
  background: var(--dt-theme-gradientBlue);
  padding: var(--dt-padding-md) var(--dt-padding-lg);
  border: none;
  border-radius: 10px;
  cursor: pointer;
  color: var(--dt-theme-background);
  font-weight: bold;
}

.emotion-12 {
  background: var(--dt-theme-gradientBlue);
  padding: var(--dt-padding-md) var(--dt-padding-lg);
  border: none;
  border-radius: 10px;
  cursor: pointer;
  color: var(--dt-theme-background);
  font-weight: bold;
  background: var(--dt-theme-gradientBlueGreyed);
}

.emotion-14 {
  display: -webkit-box;
  display: -webkit-flex;
  display: -ms-flexbox;
  display: flex;
  -webkit-flex-direction: column;
  -ms-flex-direction: column;
  flex-direction: column;
  gap: var(--dt-gap-md);
}

.emotion-18 {
  width: 100%;
  min-height: 200px;
  border: 2px solid black;
  border-radius: 10px;
  padding: 0;
  display: -webkit-box;
  display: -webkit-flex;
  display: -ms-flexbox;
  display: flex;
  -webkit-flex-direction: column-reverse;
  -ms-flex-direction: column-reverse;
  flex-direction: column-reverse;
}

.emotion-20 {
  display: -webkit-box;
  display: -webkit-flex;
  display: -ms-flexbox;
  display: flex;
  -webkit-align-items: center;
  -webkit-box-align: center;
  -ms-flex-align: center;
  align-items: center;
  -webkit-box-pack: center;
  -ms-flex-pack: center;
  -webkit-justify-content: center;
  justify-content: center;
}

.emotion-22 {
  opacity: 1;
  grid-area: canvas;
}

.emotion-24 {
  display: -webkit-box;
  display: -webkit-flex;
  display: -ms-flexbox;
  display: flex;
  -webkit-flex-direction: column;
  -ms-flex-direction: column;
  flex-direction: column;
  border-left: 2px solid black;
  padding: var(--dt-padding-lg);
  gap: var(--dt-gap-lg);
  background: #888;
}

.emotion-28 {
  display: -webkit-box;
  display: -webkit-flex;
  display: -ms-flexbox;
  display: flex;
  -webkit-flex-direction: column;
  -ms-flex-direction: column;
  flex-direction: column;
  gap: var(--dt-gap-sm);
  width: 100%;
  border: 2px solid black;
  border-radius: 10px;
}

.emotion-31 {
  font-family: monospace;
  font-weight: regular;
  color: var(--dt-theme-primary);
  margin: 0;
  border-bottom: 2px solid black;
  padding: var(--dt-padding-md);
  background: aliceblue;
  border-radius: 10px 10px 0 0;
}

.emotion-33 {
  display: grid;
  grid-template-columns: auto auto 4ch;
  -webkit-column-gap: var(--dt-gap-sm);
  column-gap: var(--dt-gap-sm);
  row-gap: var(--dt-gap-xs);
  padding: var(--dt-padding-sm);
}

<body>
  <div>
    <div
      class="emotion-0 emotion-1"
    >
      <div
        class="emotion-2 emotion-3"
      >
        <div
          class="emotion-4 emotion-5"
        >
          <h2
            class="emotion-6 emotion-7"
          >
            Menu
          </h2>
          <input
            class="emotion-8 emotion-9"
            type="file"
          />
          <button
            class="emotion-10 emotion-11"
          >
            Load Image
          </button>
          <button
            class="emotion-12 emotion-11"
            disabled=""
          >
            Save Image
          </button>
        </div>
        <div
          class="emotion-14 emotion-15"
        >
          <h2
            class="emotion-6 emotion-7"
          >
            History
          </h2>
          <ul
            class="emotion-18 emotion-19"
          />
        </div>
      </div>
      <div
        class="emotion-20 emotion-21"
      >
        <canvas
          class="emotion-22 emotion-23"
        />
      </div>
      <div
        class="emotion-24 emotion-25"
      >
        <h2
          class="emotion-6 emotion-7"
        >
          Histogram
        </h2>
        <form>
          <div
            class="emotion-28 emotion-29"
          >
            <h3
              class="emotion-30 emotion-31 emotion-7"
            >
              Basic adjustments
            </h3>
            <div
              class="emotion-33 emotion-34"
            >
              <label
                class="emotion-35 emotion-36"
              >
                Temperature
              </label>
              <input
                class="emotion-37 emotion-38"
                max="100"
                min="-100"
                type="range"
                value="0"
              />
              <input
                class="emotion-39 emotion-40"
                type="number"
                value="0"
              />
              <label
                class="emotion-35 emotion-36"
              >
                Tint
              </label>
              <input
                class="emotion-37 emotion-38"
                max="100"
                min="-100"
                type="range"
                value="0"
              />
              <input
                class="emotion-39 emotion-40"
                type="number"
                value="0"
              />
            </div>
          </div>
        </form>
      </div>
    </div>
  </div>
</body>
`;
