// Jest Snapshot v1, https://goo.gl/fbAQLP

exports[`AdjustmentInput component renders Basic story 1`] = `
.emotion-0 {
  font-family: monospace;
}

.emotion-2 {
  width: 100%;
}

<body>
  <div>
    <label
      class="emotion-0 emotion-1"
    />
    <input
      class="emotion-2 emotion-3"
      step="NaN"
      type="range"
      value=""
    />
    <input
      class="emotion-4 emotion-5"
      type="number"
      value=""
    />
  </div>
</body>
`;
