// Jest Snapshot v1, https://goo.gl/fbAQLP

exports[`Heading component renders Basic story 1`] = `
.emotion-0 {
  font-family: monospace;
  font-weight: regular;
  color: var(--dt-theme-primary);
  margin: 0;
  border-bottom: 4px solid;
  border-image: var(--dt-theme-gradientBlue) 1;
  padding-bottom: var(--dt-padding-md);
}

<body>
  <div>
    <h1
      class="emotion-0 emotion-1"
    >
      Heading
    </h1>
  </div>
</body>
`;
